
PROGRAM "C:\WINNT\Profiles\a-se\Escritorio\pr4\bin\GP32_ASM_C_MIX_Mon08_FLASH.abs"

*********************************************************************************************
TARGET SECTION
---------------------------------------------------------------------------------------------
Processor   : Motorola HC08
Memory Model: SMALL
File Format : ELF\Dwarf 2.0
Linker      : SmartLinker V-5.0.19, Apr  2 2002

*********************************************************************************************
FILE SECTION
---------------------------------------------------------------------------------------------
RTSHC08.C.o (ansi.lib)                  Model: SMALL,         Lang: ANSI-C
STRING.C.o (ansi.lib)                   Model: SMALL,         Lang: ANSI-C
start08.c.o                             Model: SMALL,         Lang: ANSI-C
carro_1.c.o                             Model: SMALL,         Lang: ANSI-C
clock.c.o                               Model: SMALL,         Lang: ANSI-C
rdp.c.o                                 Model: SMALL,         Lang: ANSI-C

*********************************************************************************************
STARTUP SECTION
---------------------------------------------------------------------------------------------
Entry point : 0x808C (_Startup)
_startupData is allocated at 0x80A6 and uses 9 Bytes
extern struct _tagStartup {
  unsigned flags          0
  _PFunc   main           0x8159    (main)
  unsigned nofZeroOut     1
  _Range   pZeroOut       0x40     58
  _Copy    *toCopyDownBeg 0x83DA
} _startupData;

*********************************************************************************************
SECTION-ALLOCATION SECTION
Section Name                    Size  Type     From       To       Segment
---------------------------------------------------------------------------------------------
.text                            807     R     0x80B3     0x83D9   ROM
.data                             20   R/W       0x40       0x53   RAM
.abs_section_0                     1   N/I        0x0        0x0   .absSeg0
.abs_section_4                     1   N/I        0x4        0x4   .absSeg1
.abs_section_1                     1   N/I        0x1        0x1   .absSeg2
.abs_section_5                     1   N/I        0x5        0x5   .absSeg3
.abs_section_2                     1   N/I        0x2        0x2   .absSeg4
.abs_section_6                     1   N/I        0x6        0x6   .absSeg5
.abs_section_3                     1   N/I        0x3        0x3   .absSeg6
.abs_section_7                     1   N/I        0x7        0x7   .absSeg7
.abs_section_8                     1   N/I        0x8        0x8   .absSeg8
.abs_section_c                     1   N/I        0xC        0xC   .absSeg9
.abs_section_d                     1   N/I        0xD        0xD   .absSeg10
.abs_section_f                     1   N/I        0xF        0xF   .absSeg11
.abs_section_e                     1   N/I        0xE        0xE   .absSeg12
.abs_section_10                    1   N/I       0x10       0x10   .absSeg13
.abs_section_11                    1   N/I       0x11       0x11   .absSeg14
.abs_section_12                    1   N/I       0x12       0x12   .absSeg15
.abs_section_13                    1   N/I       0x13       0x13   .absSeg16
.abs_section_14                    1   N/I       0x14       0x14   .absSeg17
.abs_section_15                    1   N/I       0x15       0x15   .absSeg18
.abs_section_16                    1   N/I       0x16       0x16   .absSeg19
.abs_section_17                    1   N/I       0x17       0x17   .absSeg20
.abs_section_18                    1   N/I       0x18       0x18   .absSeg21
.abs_section_19                    1   N/I       0x19       0x19   .absSeg22
.abs_section_1a                    1   N/I       0x1A       0x1A   .absSeg23
.abs_section_1b                    1   N/I       0x1B       0x1B   .absSeg24
.abs_section_1c                    1   N/I       0x1C       0x1C   .absSeg25
.abs_section_1d                    1   N/I       0x1D       0x1D   .absSeg26
.abs_section_1e                    1   N/I       0x1E       0x1E   .absSeg27
.abs_section_1f                    1   N/I       0x1F       0x1F   .absSeg28
.abs_section_20                    1   N/I       0x20       0x20   .absSeg29
.abs_section_21                    1   N/I       0x21       0x21   .absSeg30
.abs_section_22                    1   N/I       0x22       0x22   .absSeg31
.abs_section_23                    1   N/I       0x23       0x23   .absSeg32
.abs_section_24                    1   N/I       0x24       0x24   .absSeg33
.abs_section_25                    1   N/I       0x25       0x25   .absSeg34
.abs_section_26                    1   N/I       0x26       0x26   .absSeg35
.abs_section_27                    1   N/I       0x27       0x27   .absSeg36
.abs_section_28                    1   N/I       0x28       0x28   .absSeg37
.abs_section_29                    1   N/I       0x29       0x29   .absSeg38
.abs_section_2a                    1   N/I       0x2A       0x2A   .absSeg39
.abs_section_2b                    1   N/I       0x2B       0x2B   .absSeg40
.abs_section_2c                    1   N/I       0x2C       0x2C   .absSeg41
.abs_section_2d                    1   N/I       0x2D       0x2D   .absSeg42
.abs_section_2e                    1   N/I       0x2E       0x2E   .absSeg43
.abs_section_2f                    1   N/I       0x2F       0x2F   .absSeg44
.abs_section_30                    1   N/I       0x30       0x30   .absSeg45
.abs_section_31                    1   N/I       0x31       0x31   .absSeg46
.abs_section_32                    1   N/I       0x32       0x32   .absSeg47
.abs_section_33                    1   N/I       0x33       0x33   .absSeg48
.abs_section_34                    1   N/I       0x34       0x34   .absSeg49
.abs_section_35                    1   N/I       0x35       0x35   .absSeg50
.abs_section_36                    1   N/I       0x36       0x36   .absSeg51
.abs_section_37                    1   N/I       0x37       0x37   .absSeg52
.abs_section_38                    1   N/I       0x38       0x38   .absSeg53
.abs_section_39                    1   N/I       0x39       0x39   .absSeg54
.abs_section_3a                    1   N/I       0x3A       0x3A   .absSeg55
.abs_section_3b                    1   N/I       0x3B       0x3B   .absSeg56
.abs_section_3c                    1   N/I       0x3C       0x3C   .absSeg57
.abs_section_3d                    1   N/I       0x3D       0x3D   .absSeg58
.abs_section_3e                    1   N/I       0x3E       0x3E   .absSeg59
.abs_section_fe00                  1   N/I     0xFE00     0xFE00   .absSeg60
.abs_section_fe01                  1   N/I     0xFE01     0xFE01   .absSeg61
.abs_section_fe02                  1   N/I     0xFE02     0xFE02   .absSeg62
.abs_section_fe03                  1   N/I     0xFE03     0xFE03   .absSeg63
.abs_section_fe04                  1   N/I     0xFE04     0xFE04   .absSeg64
.abs_section_fe05                  1   N/I     0xFE05     0xFE05   .absSeg65
.abs_section_fe06                  1   N/I     0xFE06     0xFE06   .absSeg66
.abs_section_fe08                  1   N/I     0xFE08     0xFE08   .absSeg67
.abs_section_ff7e                  1   N/I     0xFF7E     0xFF7E   .absSeg68
.abs_section_fe09                  1   N/I     0xFE09     0xFE09   .absSeg69
.abs_section_fe0a                  1   N/I     0xFE0A     0xFE0A   .absSeg70
.abs_section_fe0b                  1   N/I     0xFE0B     0xFE0B   .absSeg71
.abs_section_fe0c                  1   N/I     0xFE0C     0xFE0C   .absSeg72
.abs_section_ffff                  1   N/I     0xFFFF     0xFFFF   .absSeg73
.abs_section_ffdc                  2     R     0xFFDC     0xFFDD   .absSeg74
.bss                              38   R/W       0x54       0x79   RAM
.startData                        13     R     0x80A6     0x80B2   ROM
.init                            166     R     0x8000     0x80A5   ROM
.stack                            80   R/W       0x7A       0xC9   RAM
.copy                             24     R     0x83DA     0x83F1   ROM
.vectSeg75_vect                    2     R     0xFFFE     0xFFFF   .vectSeg75


ROM size:      3F6 (dec:     1014)
RAM size:       D4 (dec:      212)

*********************************************************************************************
VECTOR-ALLOCATION SECTION
    Address     InitValue   InitFunction
---------------------------------------------------------------------------------------------
     0xFFFE        0x808C   _Startup

*********************************************************************************************
OBJECT-ALLOCATION SECTION
     Name               Module                 Addr   hSize   dSize     Ref    Section     RLIB
---------------------------------------------------------------------------------------------
MODULE:                 -- RTSHC08.C.o (ansi.lib) --
- PROCEDURES:
     _COPY                                     80B3      30      48       1   .text       
     _CALL                                     80E3      1D      29       1   .text       
- VARIABLES:
MODULE:                 -- STRING.C.o (ansi.lib) --
- PROCEDURES:
     memcpy                                    8100      59      89       1   .text       
- VARIABLES:
MODULE:                 -- start08.c.o --
- PROCEDURES:
     loadByte                                  8000      17      23       5   .init       
     Init                                      8017      75     117       1   .init       
     _Startup                                  808C      1A      26       0   .init       
- VARIABLES:
     _startupData                              80A6       9       9       9   .startData  
- LABELS:
     __SEG_END_SSTACK                            CA       0       0       1               
MODULE:                 -- carro_1.c.o --
- PROCEDURES:
     main                                      8159      89     137       0   .text       
     Inicializacion                            81E2       8       8       1   .text       
     Accion1                                   81EA       3       3       2   .text       
     Condicion1                                81ED       3       3       2   .text       
     Accion2                                   81F0       5       5       2   .text       
     Condicion2                                81F5       3       3       2   .text       
     Accion3                                   81F8       3       3       2   .text       
     Condicion3                                81FB       3       3       2   .text       
     Leer_Entradas                             81FE      14      20       2   .text       
- VARIABLES:
     T1_Lugares_Entrada.1                        40       2       2       2   .data       
     T1_Lugares_Salida.2                         42       2       2       2   .data       
     T2_Lugares_Entrada.3                        44       2       2       2   .data       
     T2_Lugares_Salida.4                         46       2       2       2   .data       
     T3_Lugares_Entrada.5                        48       2       2       2   .data       
     T3_Lugares_Salida.6                         4A       2       2       2   .data       
     Mc.8                                        4C       4       4       1   .data       
     Sig_Mc.9                                    50       4       4       1   .data       
     Tran.7                                      54      20      32       2   .bss        
     PTA                                          0       1       1       1   .abs_section_0
     DDRA                                         4       1       1       1   .abs_section_4
     PTB                                          1       1       1       5   .abs_section_1
     DDRB                                         5       1       1       1   .abs_section_5
     PTC1_                                        2       1       1       0   .abs_section_2
     DDRC1_                                       6       1       1       0   .abs_section_6
     PTD                                          3       1       1       0   .abs_section_3
     DDRD                                         7       1       1       0   .abs_section_7
     PTE1_                                        8       1       1       0   .abs_section_8
     DDRE1_                                       C       1       1       0   .abs_section_c
     PTAPUE                                       D       1       1       0   .abs_section_d
     PTDPUE                                       F       1       1       0   .abs_section_f
     PTCPUE1_                                     E       1       1       0   .abs_section_e
     SPCR1                                       10       1       1       0   .abs_section_10
     SPSCR1                                      11       1       1       0   .abs_section_11
     SPDR1                                       12       1       1       0   .abs_section_12
     SCC11                                       13       1       1       0   .abs_section_13
     SCC21                                       14       1       1       0   .abs_section_14
     SCC31                                       15       1       1       0   .abs_section_15
     SCS11                                       16       1       1       0   .abs_section_16
     SCS21                                       17       1       1       0   .abs_section_17
     SCDR1                                       18       1       1       0   .abs_section_18
     SCBR1                                       19       1       1       0   .abs_section_19
     INTKBSCR1                                   1A       1       1       0   .abs_section_1a
     INTKBIER                                    1B       1       1       0   .abs_section_1b
     TBCR1                                       1C       1       1       1   .abs_section_1c
     INTSCR1                                     1D       1       1       0   .abs_section_1d
     CONFIG21                                    1E       1       1       0   .abs_section_1e
     CONFIG11                                    1F       1       1       0   .abs_section_1f
     T1SC1_                                      20       1       1       0   .abs_section_20
     T1CNTH                                      21       1       1       0   .abs_section_21
     T1CNTL                                      22       1       1       0   .abs_section_22
     T1MODH                                      23       1       1       0   .abs_section_23
     T1MODL                                      24       1       1       0   .abs_section_24
     T1SC01                                      25       1       1       0   .abs_section_25
     T1CH0H                                      26       1       1       0   .abs_section_26
     T1CH0L                                      27       1       1       0   .abs_section_27
     T1SC11                                      28       1       1       0   .abs_section_28
     T1CH1H                                      29       1       1       0   .abs_section_29
     T1CH1L                                      2A       1       1       0   .abs_section_2a
     T2SC1_                                      2B       1       1       0   .abs_section_2b
     T2CNTH                                      2C       1       1       0   .abs_section_2c
     T2CNTL                                      2D       1       1       0   .abs_section_2d
     T2MODH                                      2E       1       1       0   .abs_section_2e
     T2MODL                                      2F       1       1       0   .abs_section_2f
     T2SC01                                      30       1       1       0   .abs_section_30
     T2CH0H                                      31       1       1       0   .abs_section_31
     T2CH0L                                      32       1       1       0   .abs_section_32
     T2SC11                                      33       1       1       0   .abs_section_33
     T2CH1H                                      34       1       1       0   .abs_section_34
     T2CH1L                                      35       1       1       0   .abs_section_35
     PCTL1                                       36       1       1       0   .abs_section_36
     PBWC1                                       37       1       1       0   .abs_section_37
     PMSH1                                       38       1       1       0   .abs_section_38
     PMSL1                                       39       1       1       0   .abs_section_39
     PMRS                                        3A       1       1       0   .abs_section_3a
     PMDS1                                       3B       1       1       0   .abs_section_3b
     ADSCR1                                      3C       1       1       0   .abs_section_3c
     ADR                                         3D       1       1       0   .abs_section_3d
     ADCLK1                                      3E       1       1       0   .abs_section_3e
     SBSR1                                     FE00       1       1       0   .abs_section_fe00
     SRSR1                                     FE01       1       1       0   .abs_section_fe01
     SUBAR                                     FE02       1       1       0   .abs_section_fe02
     SBFCR1                                    FE03       1       1       0   .abs_section_fe03
     INT11                                     FE04       1       1       0   .abs_section_fe04
     INT21                                     FE05       1       1       0   .abs_section_fe05
     INT31                                     FE06       1       1       0   .abs_section_fe06
     FLCR1                                     FE08       1       1       0   .abs_section_fe08
     FLBPR                                     FF7E       1       1       0   .abs_section_ff7e
     BRKH                                      FE09       1       1       0   .abs_section_fe09
     BRKL                                      FE0A       1       1       0   .abs_section_fe0a
     BRKSCR1                                   FE0B       1       1       0   .abs_section_fe0b
     LVISR1                                    FE0C       1       1       0   .abs_section_fe0c
     COPCTL                                    FFFF       1       1       0   .abs_section_ffff
MODULE:                 -- clock.c.o --
- PROCEDURES:
     Tick                                      8212      2B      43       1   .text       
- VARIABLES:
     TO                                          74       1       1       1   .bss        
     Active_Timer                                75       1       1       2   .bss        
     tick_counter                                76       2       2       3   .bss        
     Timer                                       78       2       2       2   .bss        
     _Vector_17                                FFDC       2       2       0   .abs_section_ffdc
MODULE:                 -- rdp.c.o --
- PROCEDURES:
     Interpretar_RdP                           823D      ED     237       6   .text       
     Sensibilizada                             832A      48      72       1   .text       
     Retirar_Marcas                            8372      34      52       2   .text       
     Poner_Marcas                              83A6      34      52       1   .text       
- VARIABLES:

*********************************************************************************************
SECTION USE IN OBJECT-ALLOCATION SECTION
---------------------------------------------------------------------------------------------
SECTION: ".text"
  _COPY _CALL memcpy main Inicializacion Accion1 Condicion1 Accion2 Condicion2 
  Accion3 Condicion3 Leer_Entradas Tick Interpretar_RdP Sensibilizada 
  Retirar_Marcas Poner_Marcas 
SECTION: ".data"
  T1_Lugares_Entrada.1 T1_Lugares_Salida.2 T2_Lugares_Entrada.3 
  T2_Lugares_Salida.4 T3_Lugares_Entrada.5 T3_Lugares_Salida.6 Mc.8 Sig_Mc.9 
SECTION: ".bss"
  Tran.7 TO Active_Timer tick_counter Timer 
SECTION: ".init"
  loadByte Init _Startup 
SECTION: ".abs_section_0"
  PTA 
SECTION: ".abs_section_4"
  DDRA 
SECTION: ".abs_section_1"
  PTB 
SECTION: ".abs_section_5"
  DDRB 
SECTION: ".abs_section_2"
  PTC1_ 
SECTION: ".abs_section_6"
  DDRC1_ 
SECTION: ".abs_section_3"
  PTD 
SECTION: ".abs_section_7"
  DDRD 
SECTION: ".abs_section_8"
  PTE1_ 
SECTION: ".abs_section_c"
  DDRE1_ 
SECTION: ".abs_section_d"
  PTAPUE 
SECTION: ".abs_section_f"
  PTDPUE 
SECTION: ".abs_section_e"
  PTCPUE1_ 
SECTION: ".abs_section_10"
  SPCR1 
SECTION: ".abs_section_11"
  SPSCR1 
SECTION: ".abs_section_12"
  SPDR1 
SECTION: ".abs_section_13"
  SCC11 
SECTION: ".abs_section_14"
  SCC21 
SECTION: ".abs_section_15"
  SCC31 
SECTION: ".abs_section_16"
  SCS11 
SECTION: ".abs_section_17"
  SCS21 
SECTION: ".abs_section_18"
  SCDR1 
SECTION: ".abs_section_19"
  SCBR1 
SECTION: ".abs_section_1a"
  INTKBSCR1 
SECTION: ".abs_section_1b"
  INTKBIER 
SECTION: ".abs_section_1c"
  TBCR1 
SECTION: ".abs_section_1d"
  INTSCR1 
SECTION: ".abs_section_1e"
  CONFIG21 
SECTION: ".abs_section_1f"
  CONFIG11 
SECTION: ".abs_section_20"
  T1SC1_ 
SECTION: ".abs_section_21"
  T1CNTH 
SECTION: ".abs_section_22"
  T1CNTL 
SECTION: ".abs_section_23"
  T1MODH 
SECTION: ".abs_section_24"
  T1MODL 
SECTION: ".abs_section_25"
  T1SC01 
SECTION: ".abs_section_26"
  T1CH0H 
SECTION: ".abs_section_27"
  T1CH0L 
SECTION: ".abs_section_28"
  T1SC11 
SECTION: ".abs_section_29"
  T1CH1H 
SECTION: ".abs_section_2a"
  T1CH1L 
SECTION: ".abs_section_2b"
  T2SC1_ 
SECTION: ".abs_section_2c"
  T2CNTH 
SECTION: ".abs_section_2d"
  T2CNTL 
SECTION: ".abs_section_2e"
  T2MODH 
SECTION: ".abs_section_2f"
  T2MODL 
SECTION: ".abs_section_30"
  T2SC01 
SECTION: ".abs_section_31"
  T2CH0H 
SECTION: ".abs_section_32"
  T2CH0L 
SECTION: ".abs_section_33"
  T2SC11 
SECTION: ".abs_section_34"
  T2CH1H 
SECTION: ".abs_section_35"
  T2CH1L 
SECTION: ".abs_section_36"
  PCTL1 
SECTION: ".abs_section_37"
  PBWC1 
SECTION: ".abs_section_38"
  PMSH1 
SECTION: ".abs_section_39"
  PMSL1 
SECTION: ".abs_section_3a"
  PMRS 
SECTION: ".abs_section_3b"
  PMDS1 
SECTION: ".abs_section_3c"
  ADSCR1 
SECTION: ".abs_section_3d"
  ADR 
SECTION: ".abs_section_3e"
  ADCLK1 
SECTION: ".abs_section_fe00"
  SBSR1 
SECTION: ".abs_section_fe01"
  SRSR1 
SECTION: ".abs_section_fe02"
  SUBAR 
SECTION: ".abs_section_fe03"
  SBFCR1 
SECTION: ".abs_section_fe04"
  INT11 
SECTION: ".abs_section_fe05"
  INT21 
SECTION: ".abs_section_fe06"
  INT31 
SECTION: ".abs_section_fe08"
  FLCR1 
SECTION: ".abs_section_ff7e"
  FLBPR 
SECTION: ".abs_section_fe09"
  BRKH 
SECTION: ".abs_section_fe0a"
  BRKL 
SECTION: ".abs_section_fe0b"
  BRKSCR1 
SECTION: ".abs_section_fe0c"
  LVISR1 
SECTION: ".abs_section_ffff"
  COPCTL 
SECTION: ".abs_section_ffdc"
  _Vector_17 

*********************************************************************************************
UNUSED-OBJECTS SECTION
---------------------------------------------------------------------------------------------
NOT USED PROCEDURES
RTSHC08.C.o (ansi.lib):
  _PUSH_ARGS_L _PUSH_ARGS_D _ENTER_UNARY_L _ENTER_UNARY_L64 _ENTER_UNARY_L64_4 
  _ENTER_BINARY_L _ENTER_BINARY_L_RC _ENTER_BINARY_L_LC _ENTER_BINARY_L64 
  _ENTER_BINARY_L64_LC _ENTER_BINARY_L64_RC _IDIVMOD _SPLITSIGN 
  _LADD_k_is_k_plus_j _k_is_k_plus_j_l _k_is_k_plus_j_i _LSUB_k_is_k_minus_j 
  _LAND_k_is_k_and_j _LOR_k_is_k_or_j _LXOR_k_is_k_xor_j _LMUL_k_is_k_mul_j 
  _LDIVMOD _NEG_L_HX _ABS_L_HX _SPLITSIGN_L _LMODU_k_is_k_mod_j 
  _LDIVU_k_is_k_div_j _LMODS_k_is_k_mod_j _LDIVS_k_is_k_div_j _LCMP_k_rel_j 
  _BMULS _BDIVS _BMODS _IMUL _IDIVS _IDIVU _IMODS _IMODU _IDIVU_8 _IMODU_8 
  _IASR _ILSR _ILSL _ICMP _LINC _LDEC _LNEG _LNOT _LADD _LADD_RC _LSUB _LSUB_LC 
  _LSUB_RC _LAND _LAND_RC _LOR _LOR_RC _LXOR _LXOR_RC _LMUL _LMUL_RC _LDIVS 
  _LDIVS_LC _LDIVS_RC _LDIVU _LDIVU_LC _LDIVU_RC _LMODS _LMODS_LC _LMODS_RC 
  _LMODU _LMODU_LC _LMODU_RC _LASR _LLSR _LLSL _LCMP _LCMP_RC _COPY_L _POP32 
  _POP64 _STORE32 _STORE64 _SEXT8_32 _SEXT16_32 _Jump_Table_Addr 
  _Jump_Table_Offset _Jump_Table_Header_Addr _Jump_Table_Header_Offset 
  _Search_Table_16_Addr _Search_Table_16_Offset _Search_Table_8_Addr 
  _Search_Table_8_Offset _PUSH_CC _POP_CC F_CLRK F_CLRK_Unary F_NANK F_MAXK 
  F_MAXK_Unary F_TLK F_XGKL _UNPACK_k_to_K _UNPACK_k_to_K_Unary _UNPACK_j_to_L 
  _PACK_K_to_k _PACK_K_to_k_Unary F_NORMK _FADD_K_is_K_plus_L 
  _FMUL_K_is_K_times_L _FDIV_K_is_K_div_L _F_LONGK _F_FLOATK _FCMP_k_rel_j 
  _FADD_Common _FSUB_Common _FMUL_Common _FDIV_Common _FADD _FADD_RC _FSUB 
  _FSUB_RC _FSUB_LC _FMUL _FMUL_RC _FDIV _FDIV_RC _FDIV_LC _FSTRUNC _FUTRUNC 
  _FNEG _FABS _FCMP _FCMP_RC _FINC _FDEC _FSFLOAT _FUFLOAT D_TLK D_TLRes 
  D_TKRes D_XGKL D_CLRK D_CLRK_Unary D_NANK D_NANK_Unary D_MAXK D_MAXK_Unary 
  _DUNPACK_k_to_K _DUNPACK_k_to_K_Unary _DUNPACK_j_to_L _DPACK_K_to_k 
  _DPACK_K_to_k_Unary D_NORMK_Unary D_NORMK _DADD_K_is_K_plus_L 
  _DMUL_K_is_K_times_L _DDIV_K_is_K_div_L _DCMP_k_rel_j _D_FLOATK _D_LONGK 
  _D_FTODK _D_DTOFK _DADD_Common _DSUB_Common _DMUL_Common _DDIV_Common _DADD 
  _DADD_RC _DSUB _DSUB_RC _DSUB_LC _DMUL _DMUL_RC _DDIV _DDIV_LC _DDIV_RC _DCMP 
  _DCMP_RC _DINC _DDEC _DNEG _DABS _DSFLOAT _DUFLOAT _DSTRUNC _DUTRUNC _DSHORT 
  _DLONG 
STRING.C.o (ansi.lib):
  strerror memchr memcmp memcpy2 _memcpy_8bitCount memmove memset 
  _memset_clear_8bitCount strlen strset strcat strncat strcpy strncpy strcmp 
  strncmp strchr strrchr strspn strcspn strpbrk strstr strtok strcoll strxfrm 
clock.c.o:
  Reset_Clock Start_Clock Stop_Clock Get_Time Delay_Until Set_Timer Time_Out 
  Remove_Timer 
NOT USED VARIABLES
RTSHC08.C.o (ansi.lib):
  _PowOfTwo_8 _PowOfTwo_16 _PowOfTwo_32 plus1 minus1 plus1d minus1d errno 
STRING.C.o (ansi.lib):
  STRING..1 next.2 

*********************************************************************************************
COPYDOWN SECTION
---------------------------------------------------------------------------------------------
------- ROM-ADDRESS: 0x83DA ---- SIZE       4 ---
Filling bytes inserted
 00120040
------- ROM-ADDRESS: 0x83DE ---- RAM-ADDRESS: 0x40 ---- SIZE       1 ---
Name of initialized Object : T1_Lugares_Entrada.1
 01
------- ROM-ADDRESS: 0x83DF ---- SIZE       1 ---
Filling bytes inserted
 00
------- ROM-ADDRESS: 0x83E0 ---- RAM-ADDRESS: 0x42 ---- SIZE       1 ---
Name of initialized Object : T1_Lugares_Salida.2
 02
------- ROM-ADDRESS: 0x83E1 ---- SIZE       1 ---
Filling bytes inserted
 00
------- ROM-ADDRESS: 0x83E2 ---- RAM-ADDRESS: 0x44 ---- SIZE       1 ---
Name of initialized Object : T2_Lugares_Entrada.3
 02
------- ROM-ADDRESS: 0x83E3 ---- SIZE       1 ---
Filling bytes inserted
 00
------- ROM-ADDRESS: 0x83E4 ---- RAM-ADDRESS: 0x46 ---- SIZE       1 ---
Name of initialized Object : T2_Lugares_Salida.4
 03
------- ROM-ADDRESS: 0x83E5 ---- SIZE       1 ---
Filling bytes inserted
 00
------- ROM-ADDRESS: 0x83E6 ---- RAM-ADDRESS: 0x48 ---- SIZE       1 ---
Name of initialized Object : T3_Lugares_Entrada.5
 03
------- ROM-ADDRESS: 0x83E7 ---- SIZE       1 ---
Filling bytes inserted
 00
------- ROM-ADDRESS: 0x83E8 ---- RAM-ADDRESS: 0x4A ---- SIZE       1 ---
Name of initialized Object : T3_Lugares_Salida.6
 01
------- ROM-ADDRESS: 0x83E9 ---- SIZE       2 ---
Filling bytes inserted
 0000
------- ROM-ADDRESS: 0x83EB ---- RAM-ADDRESS: 0x4D ---- SIZE       1 ---
Name of initialized Object : Mc.8:1
 01
------- ROM-ADDRESS: 0x83EC ---- SIZE       3 ---
Filling bytes inserted
 000000
------- ROM-ADDRESS: 0x83EF ---- RAM-ADDRESS: 0x51 ---- SIZE       1 ---
Name of initialized Object : Sig_Mc.9:1
 01
------- ROM-ADDRESS: 0x83F0 ---- SIZE       2 ---
Filling bytes inserted
 0000

*********************************************************************************************
OBJECT-DEPENDENCIES SECTION
---------------------------------------------------------------------------------------------
Init                      USES _startupData loadByte 
_Startup                  USES _startupData __SEG_END_SSTACK Init 
main                      USES T1_Lugares_Entrada.1 Tran.7 T1_Lugares_Salida.2 
                                Accion1 Condicion1 T2_Lugares_Entrada.3 
                                T2_Lugares_Salida.4 Accion2 Condicion2 T3_Lugares_Entrada.5 
                                T3_Lugares_Salida.6 Accion3 Condicion3 Inicializacion Mc.8 
                                Sig_Mc.9 Leer_Entradas Interpretar_RdP 
Inicializacion            USES PTB DDRB DDRA 
Accion1                   USES PTB 
Accion2                   USES PTB 
Accion3                   USES PTB 
Leer_Entradas             USES PTA 
Tick                      USES TBCR1 tick_counter Active_Timer Timer TO 
Interpretar_RdP           USES _CALL memcpy Interpretar_RdP Sensibilizada 
                                Retirar_Marcas Poner_Marcas _COPY 
_Vector_17                USES Tick 

*********************************************************************************************
DEPENDENCY TREE
*********************************************************************************************
 main and _Startup Group
 | 
 +- main                
 |  | 
 |  +- Accion1             
 |  |    
 |  +- Condicion1          
 |  |    
 |  +- Accion2             
 |  |    
 |  +- Condicion2          
 |  |    
 |  +- Accion3             
 |  |    
 |  +- Condicion3          
 |  |    
 |  +- Inicializacion      
 |  |    
 |  +- Leer_Entradas       
 |  |    
 |  +- Interpretar_RdP     
 |     | 
 |     +- _CALL               
 |     |    
 |     +- memcpy              
 |     |    
 |     +- Sensibilizada       
 |     |    
 |     +- Retirar_Marcas      
 |     |    
 |     +- Poner_Marcas        
 |     |    
 |     +- _COPY               
 |          
 +- _Startup            
    | 
    +- Init                
       | 
       +- loadByte            
            
 PTA                 
   
 DDRA                
   
 PTB                 
   
 DDRB                
   
 PTC1_               
   
 DDRC1_              
   
 PTD                 
   
 DDRD                
   
 PTE1_               
   
 DDRE1_              
   
 PTAPUE              
   
 PTDPUE              
   
 PTCPUE1_            
   
 SPCR1               
   
 SPSCR1              
   
 SPDR1               
   
 SCC11               
   
 SCC21               
   
 SCC31               
   
 SCS11               
   
 SCS21               
   
 SCDR1               
   
 SCBR1               
   
 INTKBSCR1           
   
 INTKBIER            
   
 TBCR1               
   
 INTSCR1             
   
 CONFIG21            
   
 CONFIG11            
   
 T1SC1_              
   
 T1CNTH              
   
 T1CNTL              
   
 T1MODH              
   
 T1MODL              
   
 T1SC01              
   
 T1CH0H              
   
 T1CH0L              
   
 T1SC11              
   
 T1CH1H              
   
 T1CH1L              
   
 T2SC1_              
   
 T2CNTH              
   
 T2CNTL              
   
 T2MODH              
   
 T2MODL              
   
 T2SC01              
   
 T2CH0H              
   
 T2CH0L              
   
 T2SC11              
   
 T2CH1H              
   
 T2CH1L              
   
 PCTL1               
   
 PBWC1               
   
 PMSH1               
   
 PMSL1               
   
 PMRS                
   
 PMDS1               
   
 ADSCR1              
   
 ADR                 
   
 ADCLK1              
   
 SBSR1               
   
 SRSR1               
   
 SUBAR               
   
 SBFCR1              
   
 INT11               
   
 INT21               
   
 INT31               
   
 FLCR1               
   
 FLBPR               
   
 BRKH                
   
 BRKL                
   
 BRKSCR1             
   
 LVISR1              
   
 COPCTL              
   
 _Vector_17          
 | 
 +- Tick                
      
*********************************************************************************************
STATISTIC SECTION
---------------------------------------------------------------------------------------------

ExeFile:
--------
Number of blocks to be downloaded: 6
Total size of all blocks to be downloaded: 1014

